
=== Mon Sep 29 21:58:16 2025

Packages were changed.
Update Mode: updateDependencies

The following packages were added:
  com.unity.ai.navigation@2.0.8
  com.unity.modules.accessibility@1.0.0
  com.unity.multiplayer.center@1.0.0
The following packages were updated:
  com.unity.2d.animation from version 5.0.9 to 11.0.0
  com.unity.2d.pixel-perfect from version 4.0.1 to 5.1.0
  com.unity.2d.psdimporter from version 4.1.2 to 10.1.1
  com.unity.2d.spriteshape from version 5.1.6 to 11.0.0
  com.unity.collab-proxy from version 1.15.4 to 2.8.2
  com.unity.ide.rider from version 2.0.7 to 3.0.36
  com.unity.ide.visualstudio from version 2.0.12 to 2.0.23
  com.unity.test-framework from version 1.1.29 to 1.5.1
  com.unity.timeline from version 1.4.8 to 1.8.7
  com.unity.ugui from version 1.0.0 to 2.0.0
The following packages were removed:
  com.unity.textmeshpro@3.0.6

=== Tue Oct  7 15:09:58 2025

Packages were changed.
Update Mode: updateDependencies

The following packages were updated:
  com.unity.2d.animation from version 11.0.0 to 12.0.2
  com.unity.2d.psdimporter from version 10.1.1 to 11.0.1
  com.unity.2d.spriteshape from version 11.0.0 to 12.0.1
  com.unity.ai.navigation from version 2.0.8 to 2.0.9
  com.unity.collab-proxy from version 2.8.2 to 2.9.3
  com.unity.ide.rider from version 3.0.36 to 3.0.37
  com.unity.test-framework from version 1.5.1 to 1.6.0
  com.unity.timeline from version 1.8.7 to 1.8.9
